../Core/Src/main.c:75:6:WaitTimerTick	4	static
../Core/Src/main.c:81:6:ADC_ChipSelect	24	static
../Core/Src/main.c:94:6:ADC_LevelSet	24	static
../Core/Src/main.c:127:6:ADC_On	24	static
../Core/Src/main.c:141:6:ADC_DataRead	24	static
../Core/Src/main.c:170:6:ADC_Off	24	static
../Core/Src/main.c:189:5:main	48	static
../Core/Src/main.c:279:6:SystemClock_Config	88	static
../Core/Src/main.c:325:13:MX_CAN1_Init	8	static
../Core/Src/main.c:362:13:MX_CAN2_Init	8	static
../Core/Src/main.c:399:13:MX_TIM2_Init	32	static
../Core/Src/main.c:444:13:MX_USART1_UART_Init	8	static
../Core/Src/main.c:477:13:MX_GPIO_Init	40	static
../Core/Src/main.c:551:1:__io_putchar	16	static
../Core/Src/main.c:560:6:HAL_TIM_PeriodElapsedCallback	16	static
../Core/Src/main.c:574:6:Error_Handler	4	static,ignoring_inline_asm
